<!DOCTYPE html>
<html lang="es">
  <head>
    <meta charset="utf-8">
    <title>Google</title>
  </head>
  <body>
    <h1>Welcome to Google</h1>
    <img src="google.com_files/logo.png" alt="Google Logo"/>
    <p>
      Visit our <a href="/about">About page</a> for more information.
    </p>
  </body>
</html>
